[0;34;41m±±±±±±±±±±±±±±±±±±±±±±±±±±±±±±±±±±±±±±±±±±±±±±±±±±±±±±[40m
[A[54C[41m±±±±±±±±±±±±±±±±±±±±±±±±±[40m
[41m±±±±±±±±±±±±±±±±±±±±±±±±±±±±±±±±±±±±±±±±±±±±±±±±±±±±±±±±±±±[40m
[A[59C[41m±±±±±±±±±±±±±±±±±±±±[40m
[41m±±±±±±±±±±±±±±±±±±±±±±±±±±±±±±±±±±±±±±±±±±±±±±±±±±±±±±±±±±±[40m
[A[59C[41m±±±±±±±±±±±±±±±±±±±±[40m
[41m[47m [32m‹‹‹‹‹‹‹‹‹‹‹‹‹‹‹‹‹‹‹‹‹‹‹‹‹‹‹‹‹‹‹‹‹‹[37;42mﬂﬂﬂﬂﬂﬂ[40m
[A[41C[42mﬂﬂﬂﬂﬂﬂﬂﬂﬂﬂﬂﬂﬂﬂﬂﬂ[32;47m‹‹‹[37;42mﬂﬂﬂﬂﬂﬂﬂﬂﬂﬂﬂﬂﬂﬂﬂﬂ[40m
[A[76C[42mﬂﬂ€[40m
[42m[47m [32m€[1;37;42mª…ª…ª …ª…ª…ª [0;32;47m€€€€€€€ﬂﬂﬂ    [40m
[A[29C[47m         [30mTHE[37;42m€€€€€€€€€€€€€[32;47mﬂﬂﬂ€€[40m
[A[59C[47m€€€€[42m [47m€[1;37;42mª…ª…ª …ª…ª…ª [0;42m€[40m
[42m[47m [32m€[1;37;42m »º»ºª»º»º»º [0;32;47m€ﬂﬂﬂ        [40m
[A[27C[47m[30mUNITED STATES OF AMERICA         [32mﬂﬂﬂ[42m[40m
[A[63C[42m [47m€[1;37;42m »º»ºª»º»º»º [0;42m€[40m
[42m[47m [32m€[42m        [37m‹‹‹[47m    [33m∞∞∞∞∞∞±±±±±±[40m
[A[29C[47m±±±±±±± [30m⁄ø[33m±[30m⁄ø [33m±±±±±±±±±±±±±∞∞∞∞[40m
[A[60C[47m∞∞    [37;42m‹‹‹      [32;47m€€€ [40m
[47m €[42m   [47m€ﬂﬂ     [33m∞∞∞∞∞∞∞∞∞∞∞∞∞±±±±±±±± [30m⁄ƒŸ¿[40m
[A[39C[47mƒŸ¿ƒø [33m±±±±±±±±∞∞∞∞∞∞∞∞∞∞∞∞∞     [32mﬂﬂ€[42m [40m
[A[75C[47m€€€[37;42m€[40m
[42m[47m [32m€[42m [47m€€   [33m±±±±±±±±±∞∞∞∞∞∞∞[30m…ÕÕª [40m
[A[29C[47m…ÕÕÕª…œÕÕªƒ…ÕÕœª…ÕÕÕª…ÕÕÕª[33m∞∞∞∞∞∞∞±±±±±±±±±   [40m
[A[74C[47m[32m€€€€[37;42m€[40m
[42m[47m [32m€[42m [47m€   [33m±±±±±±±±±±±±±±±±±[30m»ª ∫ [40m
[A[29C[47m∫ “ ∫∫ “ «ƒ∂ “ ∫∫ “ ∫∫ “ ∫[33m±±±±±±±±±±±±±±±±±   [40m
[A[75C[47m[32m€€€[37;42m€[40m
[42m[47m [32m€€€   [33m±±±±±±±±±±±±±±±±±[30m…º »ª∫ – ∫∫ – «[40m
[A[39C[47mƒ∂ – ∫∫ – ∫∫ – ∫[33m±±±±±±±±±±±±±±±±±   [32m€€€[40m
[A[78C[37;42m€[40m
[42m[47m [32m€€€€   [33m±±±±±±±±±∞∞∞∞∞∞∞[30m»ÕÕÕº»ÕÕÕº»—ÕÕº[40m
[A[39C[47mª»ÕÕ—º»ÕÕÕº»ÕÕÕº[33m∞∞∞∞∞∞∞±±±±±±±±±   [32m€€€€ [40m
[47m €€€€€‹‹     [33m∞∞∞∞∞∞∞∞∞∞∞∞∞±±±±±±±± [30m¿ƒø⁄ƒø⁄ƒŸ [40m
[A[45C[47m[33m±±±±±±±±∞∞∞∞∞∞∞∞∞∞∞∞∞     [32m‹‹€€€€€ [40m
[47m €€€€€€€€€‹‹‹    [33m∞∞∞∞∞∞±±±±±±±±±±±±± [30m¿Ÿ[33m±[40m
[A[40C[47m[30m¿Ÿ [33m±±±±±±±±±±±±±∞∞∞∞∞∞    [32m‹‹‹€€€€€€€[40m
[A[76C[42m  [47m [40m
[47m €[1;37;42mª…ª…ª …ª…ª…ª [0;32;47m€‹‹‹    [33m±±±±± [30m[40m
[A[29C[47mONE HUNDRED THOUSAND [33m±±±±±±    [32m‹‹‹[42m [40m
[A[64C[47m€[1;37;42mª…ª…ª …ª…ª…ª [0;42m€[40m
[42m[47m [42m [1m »º»ºª»º»º»º [0;32;47m€€€€€€€‹‹‹          [40m
[A[35C[47m [30mDOLLARS           [32m‹‹‹€€€€€€[42m  [40m
[A[65C[42m[1;37m »º»ºª»º»º»º [30;47mJ[40m
[47m[0;42m€‹‹‹‹‹‹‹‹‹‹‹‹‹‹‹‹‹‹‹‹‹‹‹‹‹‹‹‹‹‹‹‹‹‹‹‹‹‹‹‹‹‹‹‹‹‹‹‹‹‹‹[40m
[A[52C[42m‹‹‹‹‹‹‹‹‹‹‹‹‹‹‹‹‹‹‹‹‹‹‹‹‹‹[1;30;47mC[40m
[47m[0;30;47m∞∞∞∞∞∞∞∞∞∞∞∞∞∞∞∞∞∞∞∞∞∞∞∞∞∞∞∞∞∞∞∞∞∞∞∞∞∞∞∞∞∞∞∞∞∞∞∞∞[40m
[A[49C[47m∞∞∞∞∞∞∞∞∞∞∞∞∞∞∞∞∞∞∞∞∞∞∞∞∞∞∞∞∞∞[40m
[47m∞∞∞∞∞∞∞∞∞∞∞∞∞∞∞∞∞∞∞∞∞∞∞∞∞∞∞∞∞∞∞∞∞∞∞∞∞∞∞∞∞∞∞∞∞∞∞∞∞∞∞∞∞∞∞∞∞∞∞[40m
[A[59C[47m∞∞∞∞∞∞∞∞∞∞∞∞∞∞∞∞∞∞∞∞[40m
[47m∞∞∞∞∞∞∞∞∞∞∞∞∞∞∞∞∞∞∞∞∞∞∞∞∞∞∞∞∞∞∞∞∞∞∞∞∞∞∞∞∞∞∞∞∞∞∞∞∞∞∞∞∞∞∞∞∞∞∞[40m
[A[59C[47m∞∞∞∞∞∞∞∞∞∞∞∞∞∞∞∞∞∞∞∞[40m
[47m[34;41m±±±±±±±±±±±±±±±±±±±±±±±±±±±±±±±±±±±±±±±±±±±±±±±±±±±[40m
[A[51C[41m±±±±±±±±±±±±±±±±±±±±±±±±±±±±[40m
[41m±±±±±±±±±±±±±±±±±±±±±±±±±±±±±±±±±±±±±±±±±±±±±±±±±±±±±±±±±±±[40m
[A[59C[41m±±±±±±±±±±±±±±±±±±±±[40m
[41m±±±±±±±±±±±±±±±±±±±±±±±±±±±±±±±±±±±±±±±±±±±±±±±±±±±±±±±±±±±[40m[A
[59C[41m±±±±±±±±±±±±±±±±±±±±[0m
