[40m[2J[0;30;44m                                  ‹‹[C[1;36;40m‹‹‹[C[0;30;44m‹‹‹ ‹[C[1;35;40m‹‹‹‹‹[C[33m‹‹‹[C[0;30;44m‹                        [1;36mDon't be a "Dumbo" ...[0;30;44m     ‹‹[C[1;36;40m‹‹‹ﬂﬂﬂ[31m‹[C[36mﬂﬂﬂ‹[C[35m‹€ﬂﬂ€[s
[u€€[C[33m‹€€ﬂ[C[0;30;44m   [1;36m       Call     [0;30;44m                              [C[1;36;40m‹‹ﬂﬂ[C[31m‹‹‹€€[C›[35mﬂ€[C‹€€‹€€‹‹ﬂ[C[0;30;44mﬂ[1;33;40mﬂ[C[0;30;44mﬂ                                       ‹‹‹‹‹[C[37;40m‹‹‹‹‹[C[s
[u[1;36mﬂ[C[31mﬂﬂﬂﬂ€[C[0m‹‹€€[C[1;35m€[Cﬂﬂﬂ€€ﬂﬂﬂﬂ[C[36m‹‹‹[C[0;30;44m‹   [1;36mThe Circuit˝ Board[0;30;44m             ‹‹[C[37;40m‹‹€€€€€€€€€€€€€€€ﬂ[C‹€€€€€‹[C[1;35m€€€‹‹‹‹€ﬂﬂ[C[31m‹‹[C[36m€[C[0;30;44m‹‹‹‹‹‹‹ [1;36mLafay[40m[s
[u[44mette, CO[0;30;44m          ‹[C[37;40m‹‹€€ﬂﬂﬂ[C‹‹‹‹‹‹‹‹‹‹‹‹[C‹€€€€€€€€‹[C[1;35mﬂﬂﬂﬂﬂﬂ›[C[0m€‹[1;31mﬂ[0m‹‹‹‹ﬂﬂﬂﬂﬂﬂ‹‹[C[30;44m‹                    ‹[C[37;40m€€ﬂ[C‹‹€€€€€€€€€€€€€€€€ﬂ€€€€ﬂ‹‹ﬂ€€€€€€€‹‹ﬂﬂ€[Cﬂﬂ[C‹‹€€€€‹‹[Cﬂ‹[C[s
[u[30;44m‹                  [C[37;40m€ﬂ[C‹€€€€€€€€€€€€€€€€€€ﬂ[C€€€[Cﬂ‹‹€€€€€€€€€‹ﬂ‹‹[C€€€€€€€€€€€€‹[Cﬂ‹[C[30;44m‹               [C[37;40m‹‹‹€€€€€€€€€€€€€€€€€€€ﬂ[C€€€‹[Cﬂ[Cﬂﬂ€€€€€€€€ﬂ[2C€[C€€€€€€€€€€€€€€‹[Cﬂ[C[30;44m           [40m[s
[u[44m    [C[37;40m€€€€€€€€€€€€€€€€€€€€ﬂ[C‹€€€€€€[C[1m€ﬂ˛[0mﬂ€€€€€€[C[1m‹ﬂ[C[0m€[C€€€€€€€€€€€€€€€€›[30;44m›               ﬁ[37;40mﬁ€€€€€€€€€€€€€€€€€€€[C€€€€€€€ﬂ[C[1m›˛[2C[0m€€€ﬂﬂﬂ[C[1mﬂ¯[C[0m€‹[C€€€€€€€€€€€€€€€[C[30;44m [40m[s
[u[44m                [C[37;40m€€€€€€€€€€€€€€€€€€ﬂ[C€€€€€€€€€‹‹[Cﬂ€[C‹€€ﬂﬂ‹€€€€[C€€€€€€€€€€€€€€€[C[30;44m                 [C[37;40m€€€€€€€€€€€€€€€€€ﬂ[1;31m‹[C[0m€€€€€€ﬂﬂﬂ[2Cﬂ€€€[C‹‹‹ﬂﬁ€€€€›ﬁ€€€€€€€€€€€€€›[30;44m›                 [40m[s
[u[44m[C[37;40m€€€€€€€€€€€€€€€€ﬂ[1;36m‹[31mﬂ€[C[0mﬂﬂﬂ€€€€€[C€[1;31m‹[0mﬂ€€€‹‹‹ﬂ[Cﬂ€ﬂﬂ[C‹€€€€€€€€€€€€€[C[30;44m                 ﬁ[37;40mﬁ€€€€€€€€€€€€€€€ﬂ[C‹[1;36mﬁ[31mﬂ[C‹€‹‹‹‹‹[0mﬂ[2C€[C€€€‹‹‹ﬂ[Cﬂ‹[C€€€€€€€€€€€€€€€€[C[s
[u[30;44m                 [C[37;40m€€€€€€€€€€€€€€ﬂ[C‹€‹[C[1;36mﬂﬂﬂﬂ€‹[31mﬂ€[C€€‹‹[C[0mﬁ€€€‹‹ﬂ›‹‹ﬂ[Cﬂ€€€€€€€€€€€€€€[C[30;44m                [C[37;40m‹€€€€€€€€€€€€ﬂ[C‹ﬂﬂ€€[C€€€€‹[1;36mﬂ‹‹[31mﬂ[C[36m‹‹[C[31mﬂ‹[C[0mﬂ€‹‹€[C[1;31m[s
[uﬂﬂ[0mﬂﬂ‹ﬂ€€€€€€€€€€€€€[C[30;44m                [C[37;40m€€€€€€ﬂﬂﬂ[3C‹‹ﬂ‹€€‹€‹ﬂ€€€€‹‹[C[1;36mﬂﬂ[0m‹€‹[1;36mﬂ[C‹[C[0mﬂ€€€€€€‹‹[Cﬂ‹ﬂ[C‹‹‹ﬂ€€€€€€[C[30;44m [1;36mFIDOnet[0;30;44m       ﬁ[37;40mﬁ€€€€€[C‹€[Cﬂﬂ‹[Cﬂ€€€€€€€‹[Cﬂﬂ‹‹‹ﬂ€[s
[u[Cﬁ€€€‹[C‹€‹[Cﬂﬂﬂﬂ[C‹‹€[C‹€€€€›ﬁ€€€€ﬂ[C[1;36;44m1:104/117[0;30;44m       [C[37;40mﬂ€€ﬂ[C‹€€€€‹[Cﬂ[C€€€€€ﬂﬂ[2C€ﬂﬂ‹ﬂﬂ€[C€€€€€[C€€€€ﬂﬂ€›ﬁ€€[C‹€€€€€€[C€€€ﬂ[C[30;44m                  ﬂﬂﬂﬂﬂ[C[37;40m€€€€€€€[Cﬁ€€ﬂ[C[30;44mﬂ  [40m[s
[u[44m[C[37;40m€€€€€ﬂﬂ[Cﬂﬂ€€ﬂ[C€ﬂﬂ‹€ﬂ€‹ﬂ€›ﬁ€€€€€ﬂ[2Cﬂﬂ[C[30;44mﬂ            [1;36mScreen by:[0;30;44m  ﬂ[C[37;40mﬂﬂ€€€€€[Cﬂ[C[30;44mﬂ    [C[37;40m‹ﬂﬂ[C‹[C€‹[C[30;44mﬂﬂﬂﬂﬂ[C[37;40m‹‹[2C‹‹[C‹ﬂ[Cﬂ€€€ﬂﬂ[C[30;44m     [40m[s
[u[44m[1;36m303˘666˘0302[0;30;44m [1;36mEbony Eyes[0;30;44m     ﬂ€[37;40mﬂﬂﬂ[C[30;44mﬂ       ﬂﬂﬂ[C[37;40mﬂﬂ[C[30;44mﬂﬂﬂ     ﬂﬂﬂﬂﬂﬂﬂﬂﬂﬂ ﬂﬂﬂﬂﬂ                    [23;78H[1;36m [D[0m
